#-----------------------------------------------------------
# Vivado v2025.1 (64-bit)
# SW Build 6140274 on Thu May 22 00:12:29 MDT 2025
# IP Build 6138677 on Thu May 22 03:10:11 MDT 2025
# SharedData Build 6139179 on Tue May 20 17:58:58 MDT 2025
# Start of session at: Sun Mar 15 10:46:01 2026
# Process ID         : 28004
# Current directory  : C:/Users/kpcha/Desktop/College/DSD/2_4
# Command line       : vivado.exe -gui_launcher_event rodinguilauncherevent23136 C:\Users\kpcha\Desktop\College\DSD\2_4\2_4.xpr
# Log file           : C:/Users/kpcha/Desktop/College/DSD/2_4/vivado.log
# Journal file       : C:/Users/kpcha/Desktop/College/DSD/2_4\vivado.jou
# Running On         : CherryVamsi
# Platform           : Windows Server 2016 or Windows 10
# Operating System   : 26200
# Processor Detail   : 13th Gen Intel(R) Core(TM) i5-1334U
# CPU Frequency      : 2496 MHz
# CPU Physical cores : 10
# CPU Logical cores  : 12
# Host memory        : 16849 MB
# Swap memory        : 5368 MB
# Total Virtual      : 22217 MB
# Available Virtual  : 8018 MB
#-----------------------------------------------------------
start_gui
open_project C:/Users/kpcha/Desktop/College/DSD/2_4/2_4.xpr
update_compile_order -fileset sources_1
launch_simulation
source tb_matrix_cont.tcl
set_property display_limit 2621440 [current_wave_config]
relaunch_sim
relaunch_sim
run 10 ms
save_project_as Ver2_5 C:/Users/kpcha/Desktop/College/DSD/Ver2_5 -exclude_run_results -force
import_files
relaunch_sim
close_sim
launch_simulation
source tb_matrix_cont.tcl
set_property display_limit 2621440 [current_wave_config]
relaunch_sim
run 10 ms
relaunch_sim
close_sim
reset_simulation -simset sim_1 -mode behavioral
launch_simulation
source tb_matrix_cont.tcl
relaunch_sim
set_property display_limit 2621440 [current_wave_config]
relaunch_sim
run 10 ms
relaunch_sim
relaunch_sim
run 10 ms
