Copyright 1986-2022 Xilinx, Inc. All Rights Reserved. Copyright 2022-2025 Advanced Micro Devices, Inc. All Rights Reserved.
---------------------------------------------------------------------------------------------------------------------------------------------
| Tool Version : Vivado v.2025.1 (win64) Build 6140274 Thu May 22 00:12:29 MDT 2025
| Date         : Wed Apr  1 00:01:48 2026
| Host         : CherryVamsi running 64-bit major release  (build 9200)
| Command      : report_control_sets -verbose -file uart_tensor_bridge_control_sets_placed.rpt
| Design       : uart_tensor_bridge
| Device       : xc7a100t
---------------------------------------------------------------------------------------------------------------------------------------------

Control Set Information

Table of Contents
-----------------
1. Summary
2. Histogram
3. Flip-Flop Distribution
4. Detailed Control Set Information

1. Summary
----------

+----------------------------------------------------------+-------+
|                          Status                          | Count |
+----------------------------------------------------------+-------+
| Total control sets                                       |   293 |
|    Minimum number of control sets                        |   293 |
|    Addition due to synthesis replication                 |     0 |
|    Addition due to physical synthesis replication        |     0 |
| Unused register locations in slices containing registers |   451 |
+----------------------------------------------------------+-------+
* Control sets can be merged at opt_design using control_set_merge or merge_equivalent_drivers
** Run report_qor_suggestions for automated merging and remapping suggestions


2. Histogram
------------

+--------------------+-------+
|       Fanout       | Count |
+--------------------+-------+
| Total control sets |   293 |
| >= 0 to < 4        |     0 |
| >= 4 to < 6        |     5 |
| >= 6 to < 8        |    68 |
| >= 8 to < 10       |     7 |
| >= 10 to < 12      |     2 |
| >= 12 to < 14      |     0 |
| >= 14 to < 16      |     1 |
| >= 16              |   210 |
+--------------------+-------+
* Control sets can be remapped at either synth_design or opt_design


3. Flip-Flop Distribution
-------------------------

+--------------+-----------------------+------------------------+-----------------+--------------+
| Clock Enable | Synchronous Set/Reset | Asynchronous Set/Reset | Total Registers | Total Slices |
+--------------+-----------------------+------------------------+-----------------+--------------+
| No           | No                    | No                     |              94 |           74 |
| No           | No                    | Yes                    |               0 |            0 |
| No           | Yes                   | No                     |             119 |           66 |
| Yes          | No                    | No                     |               0 |            0 |
| Yes          | No                    | Yes                    |               0 |            0 |
| Yes          | Yes                   | No                     |            6016 |         2118 |
+--------------+-----------------------+------------------------+-----------------+--------------+


4. Detailed Control Set Information
-----------------------------------

+----------------+---------------------------------------------------------------------------+-------------------------------------------------------------------------+------------------+----------------+--------------+
|  Clock Signal  |                               Enable Signal                               |                             Set/Reset Signal                            | Slice Load Count | Bel Load Count | Bels / Slice |
+----------------+---------------------------------------------------------------------------+-------------------------------------------------------------------------+------------------+----------------+--------------+
|  clk_IBUF_BUFG | u_tx/E[0]                                                                 | u_tensor/matrix_engine/SR[0]                                            |                3 |              4 |         1.33 |
|  clk_IBUF_BUFG | u_rx/FSM_sequential_state_reg[4]_1[0]                                     | u_tensor/matrix_engine/SR[0]                                            |                1 |              4 |         4.00 |
|  clk_IBUF_BUFG | u_tensor/matrix_engine/E[0]                                               | u_tensor/matrix_engine/SR[0]                                            |                1 |              4 |         4.00 |
|  clk_IBUF_BUFG | u_rx/FSM_sequential_state_reg[4][0]                                       | u_tensor/matrix_engine/SR[0]                                            |                3 |              5 |         1.67 |
|  clk_IBUF_BUFG | u_rx/FSM_onehot_r_SM_Main[4]_i_1_n_0                                      | u_tensor/matrix_engine/SR[0]                                            |                1 |              5 |         5.00 |
|  clk_IBUF_BUFG | u_tensor/matrix_engine/accel/simd/SIMD_LANES[23].lane/id01_out            | u_tensor/matrix_engine/accel/simd/SIMD_LANES[23].lane/id[5]_i_1__35_n_0 |                1 |              6 |         6.00 |
|  clk_IBUF_BUFG | u_tensor/matrix_engine/accel/simd/SIMD_LANES[38].lane/id01_out            | u_tensor/matrix_engine/accel/simd/SIMD_LANES[38].lane/id[5]_i_1__50_n_0 |                1 |              6 |         6.00 |
|  clk_IBUF_BUFG | u_tensor/matrix_engine/accel/simd/SIMD_LANES[60].lane/id01_out            | u_tensor/matrix_engine/accel/simd/SIMD_LANES[60].lane/id[5]_i_1__8_n_0  |                2 |              6 |         3.00 |
|  clk_IBUF_BUFG | u_tensor/matrix_engine/accel/simd/SIMD_LANES[39].lane/id01_out            | u_tensor/matrix_engine/accel/simd/SIMD_LANES[39].lane/id[5]_i_1__51_n_0 |                2 |              6 |         3.00 |
|  clk_IBUF_BUFG | u_tensor/matrix_engine/accel/simd/SIMD_LANES[57].lane/id01_out            | u_tensor/matrix_engine/accel/simd/SIMD_LANES[57].lane/id[5]_i_1__5_n_0  |                3 |              6 |         2.00 |
|  clk_IBUF_BUFG | u_tensor/matrix_engine/accel/simd/SIMD_LANES[56].lane/id01_out            | u_tensor/matrix_engine/accel/simd/SIMD_LANES[56].lane/id[5]_i_1__4_n_0  |                2 |              6 |         3.00 |
|  clk_IBUF_BUFG | u_tensor/matrix_engine/accel/simd/SIMD_LANES[24].lane/id01_out            | u_tensor/matrix_engine/accel/simd/SIMD_LANES[24].lane/id[5]_i_1__36_n_0 |                2 |              6 |         3.00 |
|  clk_IBUF_BUFG | u_tensor/matrix_engine/accel/simd/SIMD_LANES[15].lane/id01_out            | u_tensor/matrix_engine/accel/simd/SIMD_LANES[15].lane/id[5]_i_1__27_n_0 |                3 |              6 |         2.00 |
|  clk_IBUF_BUFG | u_tensor/matrix_engine/accel/simd/SIMD_LANES[55].lane/id01_out            | u_tensor/matrix_engine/accel/simd/SIMD_LANES[55].lane/id[5]_i_1__3_n_0  |                2 |              6 |         3.00 |
|  clk_IBUF_BUFG | u_tensor/matrix_engine/accel/simd/SIMD_LANES[16].lane/id01_out            | u_tensor/matrix_engine/accel/simd/SIMD_LANES[16].lane/id[5]_i_1__28_n_0 |                2 |              6 |         3.00 |
|  clk_IBUF_BUFG | u_tensor/matrix_engine/accel/simd/SIMD_LANES[54].lane/id01_out            | u_tensor/matrix_engine/accel/simd/SIMD_LANES[54].lane/id[5]_i_1__2_n_0  |                2 |              6 |         3.00 |
|  clk_IBUF_BUFG | u_tensor/matrix_engine/accel/simd/SIMD_LANES[26].lane/id01_out            | u_tensor/matrix_engine/accel/simd/SIMD_LANES[26].lane/id[5]_i_1__38_n_0 |                2 |              6 |         3.00 |
|  clk_IBUF_BUFG | u_tensor/matrix_engine/accel/simd/SIMD_LANES[17].lane/id01_out            | u_tensor/matrix_engine/accel/simd/SIMD_LANES[17].lane/id[5]_i_1__29_n_0 |                2 |              6 |         3.00 |
|  clk_IBUF_BUFG | u_tensor/matrix_engine/accel/simd/SIMD_LANES[53].lane/id01_out            | u_tensor/matrix_engine/accel/simd/SIMD_LANES[53].lane/id[5]_i_1__1_n_0  |                1 |              6 |         6.00 |
|  clk_IBUF_BUFG | u_tensor/matrix_engine/accel/simd/SIMD_LANES[27].lane/id01_out            | u_tensor/matrix_engine/accel/simd/SIMD_LANES[27].lane/id[5]_i_1__39_n_0 |                1 |              6 |         6.00 |
|  clk_IBUF_BUFG | u_tensor/matrix_engine/accel/simd/SIMD_LANES[18].lane/id01_out            | u_tensor/matrix_engine/accel/simd/SIMD_LANES[18].lane/id[5]_i_1__30_n_0 |                2 |              6 |         3.00 |
|  clk_IBUF_BUFG | u_tensor/matrix_engine/accel/simd/SIMD_LANES[51].lane/id01_out            | u_tensor/matrix_engine/accel/simd/SIMD_LANES[51].lane/id[5]_i_1_n_0     |                3 |              6 |         2.00 |
|  clk_IBUF_BUFG | u_tensor/matrix_engine/accel/simd/SIMD_LANES[50].lane/id01_out            | u_tensor/matrix_engine/accel/simd/SIMD_LANES[50].lane/id[5]_i_1__62_n_0 |                2 |              6 |         3.00 |
|  clk_IBUF_BUFG | u_tensor/matrix_engine/accel/simd/SIMD_LANES[19].lane/id01_out            | u_tensor/matrix_engine/accel/simd/SIMD_LANES[19].lane/id[5]_i_1__31_n_0 |                1 |              6 |         6.00 |
|  clk_IBUF_BUFG | u_tensor/matrix_engine/accel/simd/SIMD_LANES[4].lane/id01_out             | u_tensor/matrix_engine/accel/simd/SIMD_LANES[4].lane/id[5]_i_1__16_n_0  |                2 |              6 |         3.00 |
|  clk_IBUF_BUFG | u_tensor/matrix_engine/accel/simd/SIMD_LANES[28].lane/id01_out            | u_tensor/matrix_engine/accel/simd/SIMD_LANES[28].lane/id[5]_i_1__40_n_0 |                1 |              6 |         6.00 |
|  clk_IBUF_BUFG | u_tensor/matrix_engine/accel/simd/SIMD_LANES[49].lane/id01_out            | u_tensor/matrix_engine/accel/simd/SIMD_LANES[49].lane/id[5]_i_1__61_n_0 |                2 |              6 |         3.00 |
|  clk_IBUF_BUFG | u_tensor/matrix_engine/accel/simd/SIMD_LANES[29].lane/id01_out            | u_tensor/matrix_engine/accel/simd/SIMD_LANES[29].lane/id[5]_i_1__41_n_0 |                2 |              6 |         3.00 |
|  clk_IBUF_BUFG | u_tensor/matrix_engine/accel/simd/SIMD_LANES[1].lane/id01_out             | u_tensor/matrix_engine/accel/simd/SIMD_LANES[1].lane/id[5]_i_1__13_n_0  |                2 |              6 |         3.00 |
|  clk_IBUF_BUFG | u_tensor/matrix_engine/accel/simd/SIMD_LANES[48].lane/id01_out            | u_tensor/matrix_engine/accel/simd/SIMD_LANES[48].lane/id[5]_i_1__60_n_0 |                1 |              6 |         6.00 |
|  clk_IBUF_BUFG | u_tensor/matrix_engine/accel/simd/SIMD_LANES[20].lane/id01_out            | u_tensor/matrix_engine/accel/simd/SIMD_LANES[20].lane/id[5]_i_1__32_n_0 |                2 |              6 |         3.00 |
|  clk_IBUF_BUFG | u_tensor/matrix_engine/accel/simd/SIMD_LANES[41].lane/id01_out            | u_tensor/matrix_engine/accel/simd/SIMD_LANES[41].lane/id[5]_i_1__53_n_0 |                2 |              6 |         3.00 |
|  clk_IBUF_BUFG | u_tensor/matrix_engine/accel/simd/SIMD_LANES[47].lane/id01_out            | u_tensor/matrix_engine/accel/simd/SIMD_LANES[47].lane/id[5]_i_1__59_n_0 |                2 |              6 |         3.00 |
|  clk_IBUF_BUFG | u_tensor/matrix_engine/accel/simd/SIMD_LANES[3].lane/id01_out             | u_tensor/matrix_engine/accel/simd/SIMD_LANES[3].lane/id[5]_i_1__15_n_0  |                1 |              6 |         6.00 |
|  clk_IBUF_BUFG | u_tensor/matrix_engine/accel/simd/SIMD_LANES[21].lane/id01_out            | u_tensor/matrix_engine/accel/simd/SIMD_LANES[21].lane/id[5]_i_1__33_n_0 |                2 |              6 |         3.00 |
|  clk_IBUF_BUFG | u_tensor/matrix_engine/accel/simd/SIMD_LANES[46].lane/id01_out            | u_tensor/matrix_engine/accel/simd/SIMD_LANES[46].lane/id[5]_i_1__58_n_0 |                1 |              6 |         6.00 |
|  clk_IBUF_BUFG | u_tensor/matrix_engine/accel/simd/SIMD_LANES[22].lane/id01_out            | u_tensor/matrix_engine/accel/simd/SIMD_LANES[22].lane/id[5]_i_1__34_n_0 |                2 |              6 |         3.00 |
|  clk_IBUF_BUFG | u_tensor/matrix_engine/accel/simd/SIMD_LANES[45].lane/id01_out            | u_tensor/matrix_engine/accel/simd/SIMD_LANES[45].lane/id[5]_i_1__57_n_0 |                3 |              6 |         2.00 |
|  clk_IBUF_BUFG | u_tensor/matrix_engine/accel/simd/SIMD_LANES[44].lane/id01_out            | u_tensor/matrix_engine/accel/simd/SIMD_LANES[44].lane/id[5]_i_1__56_n_0 |                3 |              6 |         2.00 |
|  clk_IBUF_BUFG | u_tensor/matrix_engine/accel/simd/SIMD_LANES[40].lane/id01_out            | u_tensor/matrix_engine/accel/simd/SIMD_LANES[40].lane/id[5]_i_1__52_n_0 |                2 |              6 |         3.00 |
|  clk_IBUF_BUFG | u_tensor/matrix_engine/accel/simd/SIMD_LANES[43].lane/id01_out            | u_tensor/matrix_engine/accel/simd/SIMD_LANES[43].lane/id[5]_i_1__55_n_0 |                2 |              6 |         3.00 |
|  clk_IBUF_BUFG | u_tensor/matrix_engine/accel/simd/SIMD_LANES[0].lane/id01_out             | u_tensor/matrix_engine/accel/simd/SIMD_LANES[0].lane/id[5]_i_1__12_n_0  |                1 |              6 |         6.00 |
|  clk_IBUF_BUFG | u_tensor/matrix_engine/accel/simd/SIMD_LANES[42].lane/id01_out            | u_tensor/matrix_engine/accel/simd/SIMD_LANES[42].lane/id[5]_i_1__54_n_0 |                1 |              6 |         6.00 |
|  clk_IBUF_BUFG | u_tensor/matrix_engine/accel/simd/SIMD_LANES[10].lane/id01_out            | u_tensor/matrix_engine/accel/simd/SIMD_LANES[10].lane/id[5]_i_1__22_n_0 |                1 |              6 |         6.00 |
|  clk_IBUF_BUFG | u_tensor/matrix_engine/accel/simd/SIMD_LANES[11].lane/id01_out            | u_tensor/matrix_engine/accel/simd/SIMD_LANES[11].lane/id[5]_i_1__23_n_0 |                2 |              6 |         3.00 |
|  clk_IBUF_BUFG | u_tensor/matrix_engine/accel/simd/SIMD_LANES[12].lane/id01_out            | u_tensor/matrix_engine/accel/simd/SIMD_LANES[12].lane/id[5]_i_1__24_n_0 |                2 |              6 |         3.00 |
|  clk_IBUF_BUFG | u_tensor/matrix_engine/accel/simd/SIMD_LANES[13].lane/id01_out            | u_tensor/matrix_engine/accel/simd/SIMD_LANES[13].lane/id[5]_i_1__25_n_0 |                2 |              6 |         3.00 |
|  clk_IBUF_BUFG | u_tensor/matrix_engine/accel/simd/SIMD_LANES[14].lane/id01_out            | u_tensor/matrix_engine/accel/simd/SIMD_LANES[14].lane/id[5]_i_1__26_n_0 |                1 |              6 |         6.00 |
|  clk_IBUF_BUFG | u_tensor/matrix_engine/accel/simd/SIMD_LANES[2].lane/id01_out             | u_tensor/matrix_engine/accel/simd/SIMD_LANES[2].lane/id[5]_i_1__14_n_0  |                1 |              6 |         6.00 |
|  clk_IBUF_BUFG | u_tensor/matrix_engine/accel/simd/SIMD_LANES[30].lane/id01_out            | u_tensor/matrix_engine/accel/simd/SIMD_LANES[30].lane/id[5]_i_1__42_n_0 |                3 |              6 |         2.00 |
|  clk_IBUF_BUFG | u_tensor/matrix_engine/accel/simd/SIMD_LANES[31].lane/id01_out            | u_tensor/matrix_engine/accel/simd/SIMD_LANES[31].lane/id[5]_i_1__43_n_0 |                2 |              6 |         3.00 |
|  clk_IBUF_BUFG | u_tensor/matrix_engine/accel/simd/SIMD_LANES[34].lane/id01_out            | u_tensor/matrix_engine/accel/simd/SIMD_LANES[34].lane/id[5]_i_1__46_n_0 |                2 |              6 |         3.00 |
|  clk_IBUF_BUFG | u_tensor/matrix_engine/accel/simd/SIMD_LANES[6].lane/id01_out             | u_tensor/matrix_engine/accel/simd/SIMD_LANES[6].lane/id[5]_i_1__18_n_0  |                4 |              6 |         1.50 |
|  clk_IBUF_BUFG | u_tensor/matrix_engine/accel/simd/SIMD_LANES[61].lane/id01_out            | u_tensor/matrix_engine/accel/simd/SIMD_LANES[61].lane/id[5]_i_1__9_n_0  |                3 |              6 |         2.00 |
|  clk_IBUF_BUFG | u_tensor/matrix_engine/accel/simd/SIMD_LANES[32].lane/id01_out            | u_tensor/matrix_engine/accel/simd/SIMD_LANES[32].lane/id[5]_i_1__44_n_0 |                2 |              6 |         3.00 |
|  clk_IBUF_BUFG | u_tensor/matrix_engine/accel/simd/SIMD_LANES[33].lane/id01_out            | u_tensor/matrix_engine/accel/simd/SIMD_LANES[33].lane/id[5]_i_1__45_n_0 |                1 |              6 |         6.00 |
|  clk_IBUF_BUFG | u_tensor/matrix_engine/accel/simd/SIMD_LANES[9].lane/id01_out             | u_tensor/matrix_engine/accel/simd/SIMD_LANES[9].lane/id[5]_i_1__21_n_0  |                2 |              6 |         3.00 |
|  clk_IBUF_BUFG | u_tensor/matrix_engine/accel/simd/SIMD_LANES[52].lane/id01_out            | u_tensor/matrix_engine/accel/simd/SIMD_LANES[52].lane/id[5]_i_1__0_n_0  |                2 |              6 |         3.00 |
|  clk_IBUF_BUFG | u_tensor/matrix_engine/accel/simd/SIMD_LANES[8].lane/id01_out             | u_tensor/matrix_engine/accel/simd/SIMD_LANES[8].lane/id[5]_i_1__20_n_0  |                2 |              6 |         3.00 |
|  clk_IBUF_BUFG | u_tensor/matrix_engine/accel/simd/SIMD_LANES[7].lane/id01_out             | u_tensor/matrix_engine/accel/simd/SIMD_LANES[7].lane/id[5]_i_1__19_n_0  |                3 |              6 |         2.00 |
|  clk_IBUF_BUFG | u_tensor/matrix_engine/accel/simd/SIMD_LANES[37].lane/id01_out            | u_tensor/matrix_engine/accel/simd/SIMD_LANES[37].lane/id[5]_i_1__49_n_0 |                2 |              6 |         3.00 |
|  clk_IBUF_BUFG | u_tensor/matrix_engine/accel/simd/SIMD_LANES[63].lane/id01_out            | u_tensor/matrix_engine/accel/simd/SIMD_LANES[63].lane/id[5]_i_1__11_n_0 |                3 |              6 |         2.00 |
|  clk_IBUF_BUFG | u_tensor/matrix_engine/accel/simd/SIMD_LANES[59].lane/id01_out            | u_tensor/matrix_engine/accel/simd/SIMD_LANES[59].lane/id[5]_i_1__7_n_0  |                2 |              6 |         3.00 |
|  clk_IBUF_BUFG | u_tensor/matrix_engine/accel/simd/SIMD_LANES[35].lane/id01_out            | u_tensor/matrix_engine/accel/simd/SIMD_LANES[35].lane/id[5]_i_1__47_n_0 |                2 |              6 |         3.00 |
|  clk_IBUF_BUFG | u_tensor/matrix_engine/accel/simd/SIMD_LANES[58].lane/id01_out            | u_tensor/matrix_engine/accel/simd/SIMD_LANES[58].lane/id[5]_i_1__6_n_0  |                2 |              6 |         3.00 |
|  clk_IBUF_BUFG | u_tensor/matrix_engine/accel/simd/SIMD_LANES[36].lane/id01_out            | u_tensor/matrix_engine/accel/simd/SIMD_LANES[36].lane/id[5]_i_1__48_n_0 |                2 |              6 |         3.00 |
|  clk_IBUF_BUFG | u_tensor/matrix_engine/accel/simd/SIMD_LANES[5].lane/id01_out             | u_tensor/matrix_engine/accel/simd/SIMD_LANES[5].lane/id[5]_i_1__17_n_0  |                2 |              6 |         3.00 |
|  clk_IBUF_BUFG | u_tensor/matrix_engine/accel/simd/SIMD_LANES[62].lane/id01_out            | u_tensor/matrix_engine/accel/simd/SIMD_LANES[62].lane/id[5]_i_1__10_n_0 |                3 |              6 |         2.00 |
|  clk_IBUF_BUFG | u_tensor/matrix_engine/accel/simd/SIMD_LANES[25].lane/id01_out            | u_tensor/matrix_engine/accel/simd/SIMD_LANES[25].lane/id[5]_i_1__37_n_0 |                3 |              6 |         2.00 |
|  clk_IBUF_BUFG | u_rx/E[1]                                                                 | u_tensor/matrix_engine/SR[0]                                            |                2 |              7 |         3.50 |
|  clk_IBUF_BUFG | u_rx/o_RX_DV_reg_2[0]                                                     | u_tensor/matrix_engine/SR[0]                                            |                5 |              7 |         1.40 |
|  clk_IBUF_BUFG | u_rx/FSM_sequential_state_reg[0][0]                                       | u_tensor/matrix_engine/SR[0]                                            |                5 |              7 |         1.40 |
|  clk_IBUF_BUFG | u_rx/o_RX_DV_reg_1[0]                                                     | u_tensor/matrix_engine/SR[0]                                            |                4 |              7 |         1.75 |
|  clk_IBUF_BUFG | u_rx/E[0]                                                                 | u_tensor/matrix_engine/SR[0]                                            |                3 |              8 |         2.67 |
|  clk_IBUF_BUFG | u_tensor/E[0]                                                             | u_tensor/matrix_engine/SR[0]                                            |                2 |              8 |         4.00 |
|  clk_IBUF_BUFG | u_rx/o_RX_DV_reg_0[0]                                                     | u_tensor/matrix_engine/SR[0]                                            |                8 |              8 |         1.00 |
|  clk_IBUF_BUFG | u_rx/FSM_sequential_state_reg[4]_0[0]                                     | u_tensor/matrix_engine/SR[0]                                            |                3 |              8 |         2.67 |
|  clk_IBUF_BUFG | u_rx/o_RX_DV_reg_0[1]                                                     | u_tensor/matrix_engine/SR[0]                                            |                4 |              8 |         2.00 |
|  clk_IBUF_BUFG | u_tx/r_TX_Data[7]_i_1_n_0                                                 | u_tensor/matrix_engine/SR[0]                                            |                2 |              8 |         4.00 |
|  clk_IBUF_BUFG | u_tensor/matrix_engine/accel/fsm/state_reg[3]                             | u_tensor/matrix_engine/SR[0]                                            |                5 |              9 |         1.80 |
|  clk_IBUF_BUFG | u_rx/r_Clock_Count                                                        | u_tensor/matrix_engine/SR[0]                                            |                4 |             10 |         2.50 |
|  clk_IBUF_BUFG | u_tx/r_SM_Main__0[2]                                                      | u_tensor/matrix_engine/SR[0]                                            |                4 |             11 |         2.75 |
|  clk_IBUF_BUFG | addr_c_ext                                                                | u_tensor/matrix_engine/SR[0]                                            |                6 |             15 |         2.50 |
|  clk_IBUF_BUFG | u_tensor/matrix_engine/j                                                  | u_tensor/matrix_engine/SR[0]                                            |                6 |             29 |         4.83 |
|  clk_IBUF_BUFG | u_tensor/matrix_engine/CEA2                                               | u_tensor/matrix_engine/SR[0]                                            |                9 |             29 |         3.22 |
|  clk_IBUF_BUFG | u_tensor/matrix_engine/addr_b_out[14]_i_1_n_0                             | u_tensor/matrix_engine/SR[0]                                            |                8 |             30 |         3.75 |
|  clk_IBUF_BUFG | we_b_ext                                                                  | u_tensor/matrix_engine/SR[0]                                            |               19 |             31 |         1.63 |
|  clk_IBUF_BUFG | we_a_ext                                                                  | u_tensor/matrix_engine/SR[0]                                            |               14 |             31 |         2.21 |
|  clk_IBUF_BUFG | u_tensor/matrix_engine/accel/fsm/E[0]                                     | u_tensor/matrix_engine/SR[0]                                            |               13 |             32 |         2.46 |
|  clk_IBUF_BUFG | u_tensor/matrix_engine/CEC                                                | u_tensor/matrix_engine/SR[0]                                            |                9 |             32 |         3.56 |
|  clk_IBUF_BUFG | u_tensor/matrix_engine/clear_addr[31]_i_1_n_0                             | u_tensor/matrix_engine/SR[0]                                            |                8 |             32 |         4.00 |
|  clk_IBUF_BUFG | u_tensor/matrix_engine/k_base[31]_i_1_n_0                                 | u_tensor/matrix_engine/SR[0]                                            |                9 |             32 |         3.56 |
|  clk_IBUF_BUFG | u_tensor/matrix_engine/load_k[0]_i_1_n_0                                  | u_tensor/matrix_engine/SR[0]                                            |                8 |             32 |         4.00 |
|  clk_IBUF_BUFG | u_tensor/matrix_engine/vec_len[6]_i_1_n_0                                 | u_tensor/matrix_engine/SR[0]                                            |               15 |             36 |         2.40 |
|  clk_IBUF_BUFG | u_tensor/matrix_engine/accel/simd/SIMD_LANES[15].lane/res[37]_i_1__14_n_0 | u_tensor/matrix_engine/accel/fsm/SR[0]                                  |               20 |             38 |         1.90 |
|  clk_IBUF_BUFG | u_tensor/matrix_engine/accel/simd/SIMD_LANES[15].lane/id01_out            | u_tensor/matrix_engine/accel/fsm/SR[0]                                  |               12 |             38 |         3.17 |
|  clk_IBUF_BUFG | u_tensor/matrix_engine/accel/simd/SIMD_LANES[16].lane/id01_out            | u_tensor/matrix_engine/accel/fsm/SR[0]                                  |               16 |             38 |         2.38 |
|  clk_IBUF_BUFG | u_tensor/matrix_engine/accel/simd/SIMD_LANES[16].lane/res[37]_i_1__15_n_0 | u_tensor/matrix_engine/accel/fsm/SR[0]                                  |               14 |             38 |         2.71 |
|  clk_IBUF_BUFG | u_tensor/matrix_engine/accel/simd/SIMD_LANES[17].lane/id01_out            | u_tensor/matrix_engine/accel/fsm/SR[0]                                  |               13 |             38 |         2.92 |
|  clk_IBUF_BUFG | u_tensor/matrix_engine/accel/simd/SIMD_LANES[17].lane/res[37]_i_1__16_n_0 | u_tensor/matrix_engine/accel/fsm/SR[0]                                  |                9 |             38 |         4.22 |
|  clk_IBUF_BUFG | u_tensor/matrix_engine/accel/simd/SIMD_LANES[18].lane/id01_out            | u_tensor/matrix_engine/accel/fsm/SR[0]                                  |               12 |             38 |         3.17 |
|  clk_IBUF_BUFG | u_tensor/matrix_engine/accel/simd/SIMD_LANES[18].lane/res[37]_i_1__17_n_0 | u_tensor/matrix_engine/accel/fsm/SR[0]                                  |               10 |             38 |         3.80 |
|  clk_IBUF_BUFG | u_tensor/matrix_engine/accel/simd/SIMD_LANES[19].lane/id01_out            | u_tensor/matrix_engine/accel/fsm/SR[0]                                  |               12 |             38 |         3.17 |
|  clk_IBUF_BUFG | u_tensor/matrix_engine/accel/simd/SIMD_LANES[19].lane/res[37]_i_1__18_n_0 | u_tensor/matrix_engine/accel/fsm/SR[0]                                  |               11 |             38 |         3.45 |
|  clk_IBUF_BUFG | u_tensor/matrix_engine/accel/simd/SIMD_LANES[22].lane/res[37]_i_1__21_n_0 | u_tensor/matrix_engine/accel/fsm/SR[0]                                  |               22 |             38 |         1.73 |
|  clk_IBUF_BUFG | u_tensor/matrix_engine/accel/simd/SIMD_LANES[1].lane/res[37]_i_1__0_n_0   | u_tensor/matrix_engine/accel/fsm/SR[0]                                  |                9 |             38 |         4.22 |
|  clk_IBUF_BUFG | u_tensor/matrix_engine/accel/simd/SIMD_LANES[1].lane/id01_out             | u_tensor/matrix_engine/accel/fsm/SR[0]                                  |               12 |             38 |         3.17 |
|  clk_IBUF_BUFG | u_tensor/matrix_engine/accel/simd/SIMD_LANES[20].lane/res[37]_i_1__19_n_0 | u_tensor/matrix_engine/accel/fsm/SR[0]                                  |               10 |             38 |         3.80 |
|  clk_IBUF_BUFG | u_tensor/matrix_engine/accel/simd/SIMD_LANES[21].lane/res[37]_i_1__20_n_0 | u_tensor/matrix_engine/accel/fsm/SR[0]                                  |               11 |             38 |         3.45 |
|  clk_IBUF_BUFG | u_tensor/matrix_engine/accel/simd/SIMD_LANES[21].lane/id01_out            | u_tensor/matrix_engine/accel/fsm/SR[0]                                  |               12 |             38 |         3.17 |
|  clk_IBUF_BUFG | u_tensor/matrix_engine/accel/simd/SIMD_LANES[22].lane/id01_out            | u_tensor/matrix_engine/accel/fsm/SR[0]                                  |               15 |             38 |         2.53 |
|  clk_IBUF_BUFG | u_tensor/matrix_engine/accel/simd/SIMD_LANES[52].lane/id01_out            | u_tensor/matrix_engine/accel/fsm/SR[0]                                  |               14 |             38 |         2.71 |
|  clk_IBUF_BUFG | u_tensor/matrix_engine/accel/simd/SIMD_LANES[0].lane/id01_out             | u_tensor/matrix_engine/accel/fsm/SR[0]                                  |               13 |             38 |         2.92 |
|  clk_IBUF_BUFG | u_tensor/matrix_engine/accel/simd/SIMD_LANES[0].lane/res[37]_i_1_n_0      | u_tensor/matrix_engine/accel/fsm/SR[0]                                  |               15 |             38 |         2.53 |
|  clk_IBUF_BUFG | u_tensor/matrix_engine/accel/simd/SIMD_LANES[42].lane/id01_out            | u_tensor/matrix_engine/accel/fsm/SR[0]                                  |               12 |             38 |         3.17 |
|  clk_IBUF_BUFG | u_tensor/matrix_engine/accel/simd/SIMD_LANES[41].lane/id01_out            | u_tensor/matrix_engine/accel/fsm/SR[0]                                  |               15 |             38 |         2.53 |
|  clk_IBUF_BUFG | u_tensor/matrix_engine/accel/simd/SIMD_LANES[43].lane/id01_out            | u_tensor/matrix_engine/accel/fsm/SR[0]                                  |               20 |             38 |         1.90 |
|  clk_IBUF_BUFG | u_tensor/matrix_engine/accel/simd/SIMD_LANES[41].lane/res[37]_i_1__40_n_0 | u_tensor/matrix_engine/accel/fsm/SR[0]                                  |               15 |             38 |         2.53 |
|  clk_IBUF_BUFG | u_tensor/matrix_engine/accel/simd/SIMD_LANES[43].lane/res[37]_i_1__42_n_0 | u_tensor/matrix_engine/accel/fsm/SR[0]                                  |               14 |             38 |         2.71 |
|  clk_IBUF_BUFG | u_tensor/matrix_engine/accel/simd/SIMD_LANES[44].lane/id01_out            | u_tensor/matrix_engine/accel/fsm/SR[0]                                  |               15 |             38 |         2.53 |
|  clk_IBUF_BUFG | u_tensor/matrix_engine/accel/simd/SIMD_LANES[40].lane/id01_out            | u_tensor/matrix_engine/accel/fsm/SR[0]                                  |               17 |             38 |         2.24 |
|  clk_IBUF_BUFG | u_tensor/matrix_engine/accel/simd/SIMD_LANES[44].lane/res[37]_i_1__43_n_0 | u_tensor/matrix_engine/accel/fsm/SR[0]                                  |               15 |             38 |         2.53 |
|  clk_IBUF_BUFG | u_tensor/matrix_engine/accel/simd/SIMD_LANES[45].lane/id01_out            | u_tensor/matrix_engine/accel/fsm/SR[0]                                  |               14 |             38 |         2.71 |
|  clk_IBUF_BUFG | u_tensor/matrix_engine/accel/simd/SIMD_LANES[40].lane/res[37]_i_1__39_n_0 | u_tensor/matrix_engine/accel/fsm/SR[0]                                  |                9 |             38 |         4.22 |
|  clk_IBUF_BUFG | u_tensor/matrix_engine/accel/simd/SIMD_LANES[45].lane/res[37]_i_1__44_n_0 | u_tensor/matrix_engine/accel/fsm/SR[0]                                  |               14 |             38 |         2.71 |
|  clk_IBUF_BUFG | u_tensor/matrix_engine/accel/simd/SIMD_LANES[46].lane/id01_out            | u_tensor/matrix_engine/accel/fsm/SR[0]                                  |               15 |             38 |         2.53 |
|  clk_IBUF_BUFG | u_tensor/matrix_engine/accel/simd/SIMD_LANES[3].lane/res[37]_i_1__2_n_0   | u_tensor/matrix_engine/accel/fsm/SR[0]                                  |               20 |             38 |         1.90 |
|  clk_IBUF_BUFG | u_tensor/matrix_engine/accel/simd/SIMD_LANES[46].lane/res[37]_i_1__45_n_0 | u_tensor/matrix_engine/accel/fsm/SR[0]                                  |               14 |             38 |         2.71 |
|  clk_IBUF_BUFG | u_tensor/matrix_engine/accel/simd/SIMD_LANES[47].lane/res[37]_i_1__46_n_0 | u_tensor/matrix_engine/accel/fsm/SR[0]                                  |               20 |             38 |         1.90 |
|  clk_IBUF_BUFG | u_tensor/matrix_engine/accel/simd/SIMD_LANES[47].lane/id01_out            | u_tensor/matrix_engine/accel/fsm/SR[0]                                  |               15 |             38 |         2.53 |
|  clk_IBUF_BUFG | u_tensor/matrix_engine/accel/simd/SIMD_LANES[3].lane/id01_out             | u_tensor/matrix_engine/accel/fsm/SR[0]                                  |               13 |             38 |         2.92 |
|  clk_IBUF_BUFG | u_tensor/matrix_engine/accel/simd/SIMD_LANES[48].lane/id01_out            | u_tensor/matrix_engine/accel/fsm/SR[0]                                  |               20 |             38 |         1.90 |
|  clk_IBUF_BUFG | u_tensor/matrix_engine/accel/simd/SIMD_LANES[29].lane/res[37]_i_1__28_n_0 | u_tensor/matrix_engine/accel/fsm/SR[0]                                  |               17 |             38 |         2.24 |
|  clk_IBUF_BUFG | u_tensor/matrix_engine/accel/simd/SIMD_LANES[48].lane/res[37]_i_1__47_n_0 | u_tensor/matrix_engine/accel/fsm/SR[0]                                  |               13 |             38 |         2.92 |
|  clk_IBUF_BUFG | u_tensor/matrix_engine/accel/simd/SIMD_LANES[49].lane/id01_out            | u_tensor/matrix_engine/accel/fsm/SR[0]                                  |               12 |             38 |         3.17 |
|  clk_IBUF_BUFG | u_tensor/matrix_engine/accel/simd/SIMD_LANES[29].lane/id01_out            | u_tensor/matrix_engine/accel/fsm/SR[0]                                  |               20 |             38 |         1.90 |
|  clk_IBUF_BUFG | u_tensor/matrix_engine/accel/simd/SIMD_LANES[49].lane/res[37]_i_1__48_n_0 | u_tensor/matrix_engine/accel/fsm/SR[0]                                  |               16 |             38 |         2.38 |
|  clk_IBUF_BUFG | u_tensor/matrix_engine/accel/simd/SIMD_LANES[4].lane/res[37]_i_1__3_n_0   | u_tensor/matrix_engine/accel/fsm/SR[0]                                  |                9 |             38 |         4.22 |
|  clk_IBUF_BUFG | u_tensor/matrix_engine/accel/simd/SIMD_LANES[4].lane/id01_out             | u_tensor/matrix_engine/accel/fsm/SR[0]                                  |               12 |             38 |         3.17 |
|  clk_IBUF_BUFG | u_tensor/matrix_engine/accel/simd/SIMD_LANES[28].lane/id01_out            | u_tensor/matrix_engine/accel/fsm/SR[0]                                  |               12 |             38 |         3.17 |
|  clk_IBUF_BUFG | u_tensor/matrix_engine/accel/simd/SIMD_LANES[50].lane/res[37]_i_1__49_n_0 | u_tensor/matrix_engine/accel/fsm/SR[0]                                  |               11 |             38 |         3.45 |
|  clk_IBUF_BUFG | u_tensor/matrix_engine/accel/simd/SIMD_LANES[50].lane/id01_out            | u_tensor/matrix_engine/accel/fsm/SR[0]                                  |               12 |             38 |         3.17 |
|  clk_IBUF_BUFG | u_tensor/matrix_engine/accel/simd/SIMD_LANES[28].lane/res[37]_i_1__27_n_0 | u_tensor/matrix_engine/accel/fsm/SR[0]                                  |                9 |             38 |         4.22 |
|  clk_IBUF_BUFG | u_tensor/matrix_engine/accel/simd/SIMD_LANES[51].lane/res[37]_i_1__50_n_0 | u_tensor/matrix_engine/accel/fsm/SR[0]                                  |               13 |             38 |         2.92 |
|  clk_IBUF_BUFG | u_tensor/matrix_engine/accel/simd/SIMD_LANES[51].lane/id01_out            | u_tensor/matrix_engine/accel/fsm/SR[0]                                  |               12 |             38 |         3.17 |
|  clk_IBUF_BUFG | u_tensor/matrix_engine/accel/simd/SIMD_LANES[27].lane/res[37]_i_1__26_n_0 | u_tensor/matrix_engine/accel/fsm/SR[0]                                  |               14 |             38 |         2.71 |
|  clk_IBUF_BUFG | u_tensor/matrix_engine/accel/simd/SIMD_LANES[53].lane/id01_out            | u_tensor/matrix_engine/accel/fsm/SR[0]                                  |               11 |             38 |         3.45 |
|  clk_IBUF_BUFG | u_tensor/matrix_engine/accel/simd/SIMD_LANES[27].lane/id01_out            | u_tensor/matrix_engine/accel/fsm/SR[0]                                  |               12 |             38 |         3.17 |
|  clk_IBUF_BUFG | u_tensor/matrix_engine/accel/simd/SIMD_LANES[53].lane/res[37]_i_1__52_n_0 | u_tensor/matrix_engine/accel/fsm/SR[0]                                  |               10 |             38 |         3.80 |
|  clk_IBUF_BUFG | u_tensor/matrix_engine/accel/simd/SIMD_LANES[54].lane/res[37]_i_1__53_n_0 | u_tensor/matrix_engine/accel/fsm/SR[0]                                  |               19 |             38 |         2.00 |
|  clk_IBUF_BUFG | u_tensor/matrix_engine/accel/simd/SIMD_LANES[54].lane/id01_out            | u_tensor/matrix_engine/accel/fsm/SR[0]                                  |               14 |             38 |         2.71 |
|  clk_IBUF_BUFG | u_tensor/matrix_engine/accel/simd/SIMD_LANES[26].lane/id01_out            | u_tensor/matrix_engine/accel/fsm/SR[0]                                  |               18 |             38 |         2.11 |
|  clk_IBUF_BUFG | u_tensor/matrix_engine/accel/simd/SIMD_LANES[55].lane/res[37]_i_1__54_n_0 | u_tensor/matrix_engine/accel/fsm/SR[0]                                  |               13 |             38 |         2.92 |
|  clk_IBUF_BUFG | u_tensor/matrix_engine/accel/simd/SIMD_LANES[55].lane/id01_out            | u_tensor/matrix_engine/accel/fsm/SR[0]                                  |               14 |             38 |         2.71 |
|  clk_IBUF_BUFG | u_tensor/matrix_engine/accel/simd/SIMD_LANES[26].lane/res[37]_i_1__25_n_0 | u_tensor/matrix_engine/accel/fsm/SR[0]                                  |               11 |             38 |         3.45 |
|  clk_IBUF_BUFG | u_tensor/matrix_engine/accel/simd/SIMD_LANES[56].lane/id01_out            | u_tensor/matrix_engine/accel/fsm/SR[0]                                  |               12 |             38 |         3.17 |
|  clk_IBUF_BUFG | u_tensor/matrix_engine/accel/simd/SIMD_LANES[24].lane/id01_out            | u_tensor/matrix_engine/accel/fsm/SR[0]                                  |               12 |             38 |         3.17 |
|  clk_IBUF_BUFG | u_tensor/matrix_engine/accel/simd/SIMD_LANES[56].lane/res[37]_i_1__55_n_0 | u_tensor/matrix_engine/accel/fsm/SR[0]                                  |                7 |             38 |         5.43 |
|  clk_IBUF_BUFG | u_tensor/matrix_engine/accel/simd/SIMD_LANES[57].lane/res[37]_i_1__56_n_0 | u_tensor/matrix_engine/accel/fsm/SR[0]                                  |               13 |             38 |         2.92 |
|  clk_IBUF_BUFG | u_tensor/matrix_engine/accel/simd/SIMD_LANES[57].lane/id01_out            | u_tensor/matrix_engine/accel/fsm/SR[0]                                  |               15 |             38 |         2.53 |
|  clk_IBUF_BUFG | u_tensor/matrix_engine/accel/simd/SIMD_LANES[24].lane/res[37]_i_1__23_n_0 | u_tensor/matrix_engine/accel/fsm/SR[0]                                  |                8 |             38 |         4.75 |
|  clk_IBUF_BUFG | u_tensor/matrix_engine/accel/simd/SIMD_LANES[60].lane/id01_out            | u_tensor/matrix_engine/accel/fsm/SR[0]                                  |               13 |             38 |         2.92 |
|  clk_IBUF_BUFG | u_tensor/matrix_engine/accel/simd/SIMD_LANES[23].lane/res[37]_i_1__22_n_0 | u_tensor/matrix_engine/accel/fsm/SR[0]                                  |                8 |             38 |         4.75 |
|  clk_IBUF_BUFG | u_tensor/matrix_engine/accel/simd/SIMD_LANES[60].lane/res[37]_i_1__59_n_0 | u_tensor/matrix_engine/accel/fsm/SR[0]                                  |               10 |             38 |         3.80 |
|  clk_IBUF_BUFG | u_tensor/matrix_engine/accel/simd/SIMD_LANES[61].lane/res[37]_i_1__60_n_0 | u_tensor/matrix_engine/accel/fsm/SR[0]                                  |               14 |             38 |         2.71 |
|  clk_IBUF_BUFG | u_tensor/matrix_engine/accel/simd/SIMD_LANES[61].lane/id01_out            | u_tensor/matrix_engine/accel/fsm/SR[0]                                  |               12 |             38 |         3.17 |
|  clk_IBUF_BUFG | u_tensor/matrix_engine/accel/simd/SIMD_LANES[23].lane/id01_out            | u_tensor/matrix_engine/accel/fsm/SR[0]                                  |               12 |             38 |         3.17 |
|  clk_IBUF_BUFG | u_tensor/matrix_engine/accel/simd/SIMD_LANES[25].lane/res[37]_i_1__24_n_0 | u_tensor/matrix_engine/accel/fsm/SR[0]                                  |               20 |             38 |         1.90 |
|  clk_IBUF_BUFG | u_tensor/matrix_engine/accel/simd/SIMD_LANES[62].lane/id01_out            | u_tensor/matrix_engine/accel/fsm/SR[0]                                  |               12 |             38 |         3.17 |
|  clk_IBUF_BUFG | u_tensor/matrix_engine/accel/simd/SIMD_LANES[25].lane/id01_out            | u_tensor/matrix_engine/accel/fsm/SR[0]                                  |               17 |             38 |         2.24 |
|  clk_IBUF_BUFG | u_tensor/matrix_engine/accel/simd/SIMD_LANES[5].lane/id01_out             | u_tensor/matrix_engine/accel/fsm/SR[0]                                  |               16 |             38 |         2.38 |
|  clk_IBUF_BUFG | u_tensor/matrix_engine/accel/simd/SIMD_LANES[36].lane/res[37]_i_1__35_n_0 | u_tensor/matrix_engine/accel/fsm/SR[0]                                  |               14 |             38 |         2.71 |
|  clk_IBUF_BUFG | u_tensor/matrix_engine/accel/simd/SIMD_LANES[5].lane/res[37]_i_1__4_n_0   | u_tensor/matrix_engine/accel/fsm/SR[0]                                  |               13 |             38 |         2.92 |
|  clk_IBUF_BUFG | u_tensor/matrix_engine/accel/simd/SIMD_LANES[58].lane/id01_out            | u_tensor/matrix_engine/accel/fsm/SR[0]                                  |               13 |             38 |         2.92 |
|  clk_IBUF_BUFG | u_tensor/matrix_engine/accel/simd/SIMD_LANES[36].lane/id01_out            | u_tensor/matrix_engine/accel/fsm/SR[0]                                  |               14 |             38 |         2.71 |
|  clk_IBUF_BUFG | u_tensor/matrix_engine/accel/simd/SIMD_LANES[58].lane/res[37]_i_1__57_n_0 | u_tensor/matrix_engine/accel/fsm/SR[0]                                  |               13 |             38 |         2.92 |
|  clk_IBUF_BUFG | u_tensor/matrix_engine/accel/simd/SIMD_LANES[59].lane/id01_out            | u_tensor/matrix_engine/accel/fsm/SR[0]                                  |               14 |             38 |         2.71 |
|  clk_IBUF_BUFG | u_tensor/matrix_engine/accel/simd/SIMD_LANES[35].lane/id01_out            | u_tensor/matrix_engine/accel/fsm/SR[0]                                  |               11 |             38 |         3.45 |
|  clk_IBUF_BUFG | u_tensor/matrix_engine/accel/simd/SIMD_LANES[59].lane/res[37]_i_1__58_n_0 | u_tensor/matrix_engine/accel/fsm/SR[0]                                  |               16 |             38 |         2.38 |
|  clk_IBUF_BUFG | u_tensor/matrix_engine/accel/simd/SIMD_LANES[63].lane/res[37]_i_1__62_n_0 | u_tensor/matrix_engine/accel/fsm/SR[0]                                  |               11 |             38 |         3.45 |
|  clk_IBUF_BUFG | u_tensor/matrix_engine/accel/simd/SIMD_LANES[63].lane/id01_out            | u_tensor/matrix_engine/accel/fsm/SR[0]                                  |               12 |             38 |         3.17 |
|  clk_IBUF_BUFG | u_tensor/matrix_engine/accel/simd/SIMD_LANES[35].lane/res[37]_i_1__34_n_0 | u_tensor/matrix_engine/accel/fsm/SR[0]                                  |                7 |             38 |         5.43 |
|  clk_IBUF_BUFG | u_tensor/matrix_engine/accel/simd/SIMD_LANES[6].lane/id01_out             | u_tensor/matrix_engine/accel/fsm/SR[0]                                  |               12 |             38 |         3.17 |
|  clk_IBUF_BUFG | u_tensor/matrix_engine/accel/simd/SIMD_LANES[37].lane/id01_out            | u_tensor/matrix_engine/accel/fsm/SR[0]                                  |               12 |             38 |         3.17 |
|  clk_IBUF_BUFG | u_tensor/matrix_engine/accel/simd/SIMD_LANES[6].lane/res[37]_i_1__5_n_0   | u_tensor/matrix_engine/accel/fsm/SR[0]                                  |               11 |             38 |         3.45 |
|  clk_IBUF_BUFG | u_tensor/matrix_engine/accel/simd/SIMD_LANES[7].lane/res[37]_i_1__6_n_0   | u_tensor/matrix_engine/accel/fsm/SR[0]                                  |               10 |             38 |         3.80 |
|  clk_IBUF_BUFG | u_tensor/matrix_engine/accel/simd/SIMD_LANES[7].lane/id01_out             | u_tensor/matrix_engine/accel/fsm/SR[0]                                  |               12 |             38 |         3.17 |
|  clk_IBUF_BUFG | u_tensor/matrix_engine/accel/simd/SIMD_LANES[37].lane/res[37]_i_1__36_n_0 | u_tensor/matrix_engine/accel/fsm/SR[0]                                  |               13 |             38 |         2.92 |
|  clk_IBUF_BUFG | u_tensor/matrix_engine/accel/simd/SIMD_LANES[8].lane/id01_out             | u_tensor/matrix_engine/accel/fsm/SR[0]                                  |               12 |             38 |         3.17 |
|  clk_IBUF_BUFG | u_tensor/matrix_engine/accel/simd/SIMD_LANES[34].lane/res[37]_i_1__33_n_0 | u_tensor/matrix_engine/accel/fsm/SR[0]                                  |               11 |             38 |         3.45 |
|  clk_IBUF_BUFG | u_tensor/matrix_engine/accel/simd/SIMD_LANES[8].lane/res[37]_i_1__7_n_0   | u_tensor/matrix_engine/accel/fsm/SR[0]                                  |                8 |             38 |         4.75 |
|  clk_IBUF_BUFG | u_tensor/matrix_engine/accel/simd/SIMD_LANES[9].lane/res[37]_i_1__8_n_0   | u_tensor/matrix_engine/accel/fsm/SR[0]                                  |               10 |             38 |         3.80 |
|  clk_IBUF_BUFG | u_tensor/matrix_engine/accel/simd/SIMD_LANES[9].lane/id01_out             | u_tensor/matrix_engine/accel/fsm/SR[0]                                  |               12 |             38 |         3.17 |
|  clk_IBUF_BUFG | u_tensor/matrix_engine/accel/simd/SIMD_LANES[34].lane/id01_out            | u_tensor/matrix_engine/accel/fsm/SR[0]                                  |               11 |             38 |         3.45 |
|  clk_IBUF_BUFG | u_tensor/matrix_engine/accel/simd/SIMD_LANES[42].lane/res[37]_i_1__41_n_0 | u_tensor/matrix_engine/accel/fsm/SR[0]                                  |               11 |             38 |         3.45 |
|  clk_IBUF_BUFG | u_tensor/matrix_engine/accel/simd/SIMD_LANES[20].lane/id01_out            | u_tensor/matrix_engine/accel/fsm/SR[0]                                  |               14 |             38 |         2.71 |
|  clk_IBUF_BUFG | u_tensor/matrix_engine/accel/simd/SIMD_LANES[52].lane/res[37]_i_1__51_n_0 | u_tensor/matrix_engine/accel/fsm/SR[0]                                  |               15 |             38 |         2.53 |
|  clk_IBUF_BUFG | u_tensor/matrix_engine/accel/simd/SIMD_LANES[33].lane/res[37]_i_1__32_n_0 | u_tensor/matrix_engine/accel/fsm/SR[0]                                  |               11 |             38 |         3.45 |
|  clk_IBUF_BUFG | u_tensor/matrix_engine/bram_c_din[37]_i_1_n_0                             | u_tensor/matrix_engine/SR[0]                                            |               13 |             38 |         2.92 |
|  clk_IBUF_BUFG | u_tensor/matrix_engine/accel/simd/SIMD_LANES[38].lane/res[37]_i_1__37_n_0 | u_tensor/matrix_engine/accel/fsm/SR[0]                                  |               17 |             38 |         2.24 |
|  clk_IBUF_BUFG | u_tensor/matrix_engine/accel/simd/SIMD_LANES[33].lane/id01_out            | u_tensor/matrix_engine/accel/fsm/SR[0]                                  |               13 |             38 |         2.92 |
|  clk_IBUF_BUFG | u_tensor/matrix_engine/accel/simd/SIMD_LANES[38].lane/id01_out            | u_tensor/matrix_engine/accel/fsm/SR[0]                                  |               16 |             38 |         2.38 |
|  clk_IBUF_BUFG | u_tensor/matrix_engine/accel/simd/SIMD_LANES[39].lane/id01_out            | u_tensor/matrix_engine/accel/fsm/SR[0]                                  |               13 |             38 |         2.92 |
|  clk_IBUF_BUFG | u_tensor/matrix_engine/accel/simd/SIMD_LANES[39].lane/res[37]_i_1__38_n_0 | u_tensor/matrix_engine/accel/fsm/SR[0]                                  |               15 |             38 |         2.53 |
|  clk_IBUF_BUFG | u_tensor/matrix_engine/accel/simd/SIMD_LANES[32].lane/id01_out            | u_tensor/matrix_engine/accel/fsm/SR[0]                                  |               16 |             38 |         2.38 |
|  clk_IBUF_BUFG | u_tensor/matrix_engine/accel/simd/SIMD_LANES[32].lane/res[37]_i_1__31_n_0 | u_tensor/matrix_engine/accel/fsm/SR[0]                                  |               10 |             38 |         3.80 |
|  clk_IBUF_BUFG | u_tensor/matrix_engine/accel/simd/SIMD_LANES[31].lane/res[37]_i_1__30_n_0 | u_tensor/matrix_engine/accel/fsm/SR[0]                                  |                7 |             38 |         5.43 |
|  clk_IBUF_BUFG | u_tensor/matrix_engine/accel/simd/SIMD_LANES[31].lane/id01_out            | u_tensor/matrix_engine/accel/fsm/SR[0]                                  |               11 |             38 |         3.45 |
|  clk_IBUF_BUFG | u_tensor/matrix_engine/accel/simd/SIMD_LANES[30].lane/res[37]_i_1__29_n_0 | u_tensor/matrix_engine/accel/fsm/SR[0]                                  |               14 |             38 |         2.71 |
|  clk_IBUF_BUFG | u_tensor/matrix_engine/accel/simd/SIMD_LANES[30].lane/id01_out            | u_tensor/matrix_engine/accel/fsm/SR[0]                                  |               12 |             38 |         3.17 |
|  clk_IBUF_BUFG | u_tensor/matrix_engine/accel/simd/SIMD_LANES[2].lane/res[37]_i_1__1_n_0   | u_tensor/matrix_engine/accel/fsm/SR[0]                                  |               16 |             38 |         2.38 |
|  clk_IBUF_BUFG | u_tensor/matrix_engine/accel/simd/SIMD_LANES[2].lane/id01_out             | u_tensor/matrix_engine/accel/fsm/SR[0]                                  |               14 |             38 |         2.71 |
|  clk_IBUF_BUFG | u_tensor/matrix_engine/accel/simd/SIMD_LANES[14].lane/res[37]_i_1__13_n_0 | u_tensor/matrix_engine/accel/fsm/SR[0]                                  |                9 |             38 |         4.22 |
|  clk_IBUF_BUFG | u_tensor/matrix_engine/accel/simd/SIMD_LANES[14].lane/id01_out            | u_tensor/matrix_engine/accel/fsm/SR[0]                                  |               12 |             38 |         3.17 |
|  clk_IBUF_BUFG | u_tensor/matrix_engine/accel/simd/SIMD_LANES[13].lane/res[37]_i_1__12_n_0 | u_tensor/matrix_engine/accel/fsm/SR[0]                                  |               12 |             38 |         3.17 |
|  clk_IBUF_BUFG | u_tensor/matrix_engine/accel/simd/SIMD_LANES[13].lane/id01_out            | u_tensor/matrix_engine/accel/fsm/SR[0]                                  |               14 |             38 |         2.71 |
|  clk_IBUF_BUFG | u_tensor/matrix_engine/accel/simd/SIMD_LANES[12].lane/res[37]_i_1__11_n_0 | u_tensor/matrix_engine/accel/fsm/SR[0]                                  |                8 |             38 |         4.75 |
|  clk_IBUF_BUFG | u_tensor/matrix_engine/accel/simd/SIMD_LANES[12].lane/id01_out            | u_tensor/matrix_engine/accel/fsm/SR[0]                                  |               14 |             38 |         2.71 |
|  clk_IBUF_BUFG | u_tensor/matrix_engine/accel/simd/SIMD_LANES[11].lane/res[37]_i_1__10_n_0 | u_tensor/matrix_engine/accel/fsm/SR[0]                                  |               17 |             38 |         2.24 |
|  clk_IBUF_BUFG | u_tensor/matrix_engine/accel/simd/SIMD_LANES[11].lane/id01_out            | u_tensor/matrix_engine/accel/fsm/SR[0]                                  |               14 |             38 |         2.71 |
|  clk_IBUF_BUFG | u_tensor/matrix_engine/accel/simd/SIMD_LANES[10].lane/id01_out            | u_tensor/matrix_engine/accel/fsm/SR[0]                                  |               13 |             38 |         2.92 |
|  clk_IBUF_BUFG | u_tensor/matrix_engine/accel/simd/SIMD_LANES[10].lane/res[37]_i_1__9_n_0  | u_tensor/matrix_engine/accel/fsm/SR[0]                                  |               16 |             38 |         2.38 |
|  clk_IBUF_BUFG | c_packed                                                                  | u_tensor/matrix_engine/SR[0]                                            |               28 |             38 |         1.36 |
|  clk_IBUF_BUFG | u_tensor/matrix_engine/accel/simd/SIMD_LANES[62].lane/res[37]_i_1__61_n_0 | u_tensor/matrix_engine/accel/fsm/SR[0]                                  |               18 |             38 |         2.11 |
|  clk_IBUF_BUFG | u_tensor/matrix_engine/accel/TILE_BUFFERS_B[32].b_buf/b_tile_we[0]        |                                                                         |               11 |             44 |         4.00 |
|  clk_IBUF_BUFG | u_tensor/matrix_engine/accel/TILE_BUFFERS_B[17].b_buf/b_tile_we[0]        |                                                                         |               11 |             44 |         4.00 |
|  clk_IBUF_BUFG | u_tensor/matrix_engine/accel/TILE_BUFFERS_B[14].b_buf/b_tile_we[0]        |                                                                         |               11 |             44 |         4.00 |
|  clk_IBUF_BUFG | u_tensor/matrix_engine/accel/TILE_BUFFERS_B[15].b_buf/b_tile_we[0]        |                                                                         |               11 |             44 |         4.00 |
|  clk_IBUF_BUFG | u_tensor/matrix_engine/accel/TILE_BUFFERS_B[16].b_buf/b_tile_we[0]        |                                                                         |               11 |             44 |         4.00 |
|  clk_IBUF_BUFG | u_tensor/matrix_engine/accel/TILE_BUFFERS_B[18].b_buf/b_tile_we[0]        |                                                                         |               11 |             44 |         4.00 |
|  clk_IBUF_BUFG | u_tensor/matrix_engine/accel/TILE_BUFFERS_B[19].b_buf/b_tile_we[0]        |                                                                         |               11 |             44 |         4.00 |
|  clk_IBUF_BUFG | u_tensor/matrix_engine/accel/TILE_BUFFERS_B[1].b_buf/b_tile_we[0]         |                                                                         |               11 |             44 |         4.00 |
|  clk_IBUF_BUFG | u_tensor/matrix_engine/accel/TILE_BUFFERS_B[20].b_buf/b_tile_we[0]        |                                                                         |               11 |             44 |         4.00 |
|  clk_IBUF_BUFG | u_tensor/matrix_engine/accel/TILE_BUFFERS_B[13].b_buf/b_tile_we[0]        |                                                                         |               11 |             44 |         4.00 |
|  clk_IBUF_BUFG | u_tensor/matrix_engine/accel/TILE_BUFFERS_B[0].b_buf/b_tile_we[0]         |                                                                         |               11 |             44 |         4.00 |
|  clk_IBUF_BUFG | u_tensor/matrix_engine/accel/TILE_BUFFERS_B[10].b_buf/b_tile_we[0]        |                                                                         |               11 |             44 |         4.00 |
|  clk_IBUF_BUFG | u_tensor/matrix_engine/accel/TILE_BUFFERS_B[11].b_buf/b_tile_we[0]        |                                                                         |               11 |             44 |         4.00 |
|  clk_IBUF_BUFG | u_tensor/matrix_engine/accel/TILE_BUFFERS_B[12].b_buf/b_tile_we[0]        |                                                                         |               11 |             44 |         4.00 |
|  clk_IBUF_BUFG | u_tensor/matrix_engine/accel/TILE_BUFFERS_B[48].b_buf/b_tile_we[0]        |                                                                         |               11 |             44 |         4.00 |
|  clk_IBUF_BUFG | u_tensor/matrix_engine/accel/TILE_BUFFERS_B[49].b_buf/b_tile_we[0]        |                                                                         |               11 |             44 |         4.00 |
|  clk_IBUF_BUFG | u_tensor/matrix_engine/accel/TILE_BUFFERS_B[4].b_buf/b_tile_we[0]         |                                                                         |               11 |             44 |         4.00 |
|  clk_IBUF_BUFG | u_tensor/matrix_engine/accel/TILE_BUFFERS_B[9].b_buf/b_tile_we[0]         |                                                                         |               11 |             44 |         4.00 |
|  clk_IBUF_BUFG | u_tensor/matrix_engine/accel/TILE_BUFFERS_B[55].b_buf/b_tile_we[0]        |                                                                         |               11 |             44 |         4.00 |
|  clk_IBUF_BUFG | u_tensor/matrix_engine/accel/TILE_BUFFERS_B[56].b_buf/b_tile_we[0]        |                                                                         |               11 |             44 |         4.00 |
|  clk_IBUF_BUFG | u_tensor/matrix_engine/accel/TILE_BUFFERS_B[57].b_buf/b_tile_we[0]        |                                                                         |               11 |             44 |         4.00 |
|  clk_IBUF_BUFG | u_tensor/matrix_engine/accel/TILE_BUFFERS_B[58].b_buf/b_tile_we[0]        |                                                                         |               11 |             44 |         4.00 |
|  clk_IBUF_BUFG | u_tensor/matrix_engine/accel/TILE_BUFFERS_B[62].b_buf/b_tile_we[0]        |                                                                         |               11 |             44 |         4.00 |
|  clk_IBUF_BUFG | u_tensor/matrix_engine/accel/TILE_BUFFERS_B[59].b_buf/b_tile_we[0]        |                                                                         |               11 |             44 |         4.00 |
|  clk_IBUF_BUFG | u_tensor/matrix_engine/accel/TILE_BUFFERS_B[5].b_buf/b_tile_we[0]         |                                                                         |               11 |             44 |         4.00 |
|  clk_IBUF_BUFG | u_tensor/matrix_engine/accel/TILE_BUFFERS_B[60].b_buf/b_tile_we[0]        |                                                                         |               11 |             44 |         4.00 |
|  clk_IBUF_BUFG | u_tensor/matrix_engine/accel/TILE_BUFFERS_B[61].b_buf/b_tile_we[0]        |                                                                         |               11 |             44 |         4.00 |
|  clk_IBUF_BUFG | u_tensor/matrix_engine/accel/TILE_BUFFERS_B[63].b_buf/b_tile_we[0]        |                                                                         |               11 |             44 |         4.00 |
|  clk_IBUF_BUFG | u_tensor/matrix_engine/accel/TILE_BUFFERS_B[6].b_buf/b_tile_we[0]         |                                                                         |               11 |             44 |         4.00 |
|  clk_IBUF_BUFG | u_tensor/matrix_engine/accel/TILE_BUFFERS_B[7].b_buf/b_tile_we[0]         |                                                                         |               11 |             44 |         4.00 |
|  clk_IBUF_BUFG | u_tensor/matrix_engine/accel/TILE_BUFFERS_B[54].b_buf/b_tile_we[0]        |                                                                         |               11 |             44 |         4.00 |
|  clk_IBUF_BUFG | u_tensor/matrix_engine/accel/TILE_BUFFERS_B[51].b_buf/b_tile_we[0]        |                                                                         |               11 |             44 |         4.00 |
|  clk_IBUF_BUFG | u_tensor/matrix_engine/accel/TILE_BUFFERS_B[52].b_buf/b_tile_we[0]        |                                                                         |               11 |             44 |         4.00 |
|  clk_IBUF_BUFG | u_tensor/matrix_engine/accel/TILE_BUFFERS_B[53].b_buf/b_tile_we[0]        |                                                                         |               11 |             44 |         4.00 |
|  clk_IBUF_BUFG | u_tensor/matrix_engine/accel/TILE_BUFFERS_B[44].b_buf/b_tile_we[0]        |                                                                         |               11 |             44 |         4.00 |
|  clk_IBUF_BUFG | u_tensor/matrix_engine/accel/TILE_BUFFERS_B[46].b_buf/b_tile_we[0]        |                                                                         |               11 |             44 |         4.00 |
|  clk_IBUF_BUFG | u_tensor/matrix_engine/accel/TILE_BUFFERS_B[47].b_buf/b_tile_we[0]        |                                                                         |               11 |             44 |         4.00 |
|  clk_IBUF_BUFG | u_tensor/matrix_engine/accel/TILE_BUFFERS_B[50].b_buf/b_tile_we[0]        |                                                                         |               11 |             44 |         4.00 |
|  clk_IBUF_BUFG | u_tensor/matrix_engine/accel/TILE_BUFFERS_B[45].b_buf/b_tile_we[0]        |                                                                         |               11 |             44 |         4.00 |
|  clk_IBUF_BUFG | u_tensor/matrix_engine/accel/TILE_BUFFERS_B[43].b_buf/b_tile_we[0]        |                                                                         |               11 |             44 |         4.00 |
|  clk_IBUF_BUFG | u_tensor/matrix_engine/accel/TILE_BUFFERS_B[33].b_buf/b_tile_we[0]        |                                                                         |               11 |             44 |         4.00 |
|  clk_IBUF_BUFG | u_tensor/matrix_engine/accel/TILE_BUFFERS_B[34].b_buf/b_tile_we[0]        |                                                                         |               11 |             44 |         4.00 |
|  clk_IBUF_BUFG | u_tensor/matrix_engine/accel/TILE_BUFFERS_B[35].b_buf/b_tile_we[0]        |                                                                         |               11 |             44 |         4.00 |
|  clk_IBUF_BUFG | u_tensor/matrix_engine/accel/TILE_BUFFERS_B[36].b_buf/b_tile_we[0]        |                                                                         |               11 |             44 |         4.00 |
|  clk_IBUF_BUFG | u_tensor/matrix_engine/accel/TILE_BUFFERS_B[40].b_buf/b_tile_we[0]        |                                                                         |               11 |             44 |         4.00 |
|  clk_IBUF_BUFG | u_tensor/matrix_engine/accel/TILE_BUFFERS_B[37].b_buf/b_tile_we[0]        |                                                                         |               11 |             44 |         4.00 |
|  clk_IBUF_BUFG | u_tensor/matrix_engine/accel/TILE_BUFFERS_B[38].b_buf/b_tile_we[0]        |                                                                         |               11 |             44 |         4.00 |
|  clk_IBUF_BUFG | u_tensor/matrix_engine/accel/TILE_BUFFERS_B[39].b_buf/b_tile_we[0]        |                                                                         |               11 |             44 |         4.00 |
|  clk_IBUF_BUFG | u_tensor/matrix_engine/accel/TILE_BUFFERS_B[3].b_buf/b_tile_we[0]         |                                                                         |               11 |             44 |         4.00 |
|  clk_IBUF_BUFG | u_tensor/matrix_engine/accel/TILE_BUFFERS_B[41].b_buf/b_tile_we[0]        |                                                                         |               11 |             44 |         4.00 |
|  clk_IBUF_BUFG | u_tensor/matrix_engine/accel/TILE_BUFFERS_B[42].b_buf/b_tile_we[0]        |                                                                         |               11 |             44 |         4.00 |
|  clk_IBUF_BUFG | u_tensor/matrix_engine/accel/TILE_BUFFERS_B[21].b_buf/b_tile_we[0]        |                                                                         |               11 |             44 |         4.00 |
|  clk_IBUF_BUFG | u_tensor/matrix_engine/accel/TILE_BUFFERS_B[22].b_buf/b_tile_we[0]        |                                                                         |               11 |             44 |         4.00 |
|  clk_IBUF_BUFG | u_tensor/matrix_engine/accel/TILE_BUFFERS_B[23].b_buf/b_tile_we[0]        |                                                                         |               11 |             44 |         4.00 |
|  clk_IBUF_BUFG | u_tensor/matrix_engine/accel/TILE_BUFFERS_B[24].b_buf/b_tile_we[0]        |                                                                         |               11 |             44 |         4.00 |
|  clk_IBUF_BUFG | u_tensor/matrix_engine/accel/TILE_BUFFERS_B[25].b_buf/b_tile_we[0]        |                                                                         |               11 |             44 |         4.00 |
|  clk_IBUF_BUFG | u_tensor/matrix_engine/accel/TILE_BUFFERS_B[29].b_buf/b_tile_we[0]        |                                                                         |               11 |             44 |         4.00 |
|  clk_IBUF_BUFG | u_tensor/matrix_engine/accel/TILE_BUFFERS_B[26].b_buf/b_tile_we[0]        |                                                                         |               11 |             44 |         4.00 |
|  clk_IBUF_BUFG | u_tensor/matrix_engine/accel/TILE_BUFFERS_B[27].b_buf/b_tile_we[0]        |                                                                         |               11 |             44 |         4.00 |
|  clk_IBUF_BUFG | u_tensor/matrix_engine/accel/TILE_BUFFERS_B[28].b_buf/b_tile_we[0]        |                                                                         |               11 |             44 |         4.00 |
|  clk_IBUF_BUFG | u_tensor/matrix_engine/accel/TILE_BUFFERS_B[2].b_buf/b_tile_we[0]         |                                                                         |               11 |             44 |         4.00 |
|  clk_IBUF_BUFG | u_tensor/matrix_engine/accel/TILE_BUFFERS_B[30].b_buf/b_tile_we[0]        |                                                                         |               11 |             44 |         4.00 |
|  clk_IBUF_BUFG | u_tensor/matrix_engine/accel/TILE_BUFFERS_B[31].b_buf/b_tile_we[0]        |                                                                         |               11 |             44 |         4.00 |
|  clk_IBUF_BUFG | u_tensor/matrix_engine/accel/TILE_BUFFERS_B[8].b_buf/b_tile_we[0]         |                                                                         |               11 |             44 |         4.00 |
|  clk_IBUF_BUFG | u_tensor/matrix_engine/accum_col_r                                        | u_tensor/matrix_engine/SR[0]                                            |               23 |             64 |         2.78 |
|  clk_IBUF_BUFG | u_tensor/matrix_engine/load_lane[0]_i_2_n_0                               | u_tensor/matrix_engine/SR[0]                                            |               27 |             67 |         2.48 |
|  clk_IBUF_BUFG | u_tensor/matrix_engine/accel/fsm/accum_col                                | u_tensor/matrix_engine/SR[0]                                            |               29 |             72 |         2.48 |
|  clk_IBUF_BUFG |                                                                           |                                                                         |               74 |             94 |         1.27 |
|  clk_IBUF_BUFG |                                                                           | u_tensor/matrix_engine/SR[0]                                            |               66 |            119 |         1.80 |
+----------------+---------------------------------------------------------------------------+-------------------------------------------------------------------------+------------------+----------------+--------------+


